GAMS 24.7.3  r58181 Released Jul 11, 2016 WEX-WEI x86 64bit/MS Windows 09/29/16 12:53:17 Page 1
pscopf_run_knitro
C o m p i l a t i o n


      runs everything
      nlp solver is set to knitro
   6   
   8  *$if not set ingms $set ingms pscopf_data_hacked_case14.gms
   9   
  11   
  12  * copy the original data file into this folder
  14   
  16   
GAMS 24.7.3  r58181 Released Jul 11, 2016 WEX-WEI x86 64bit/MS Windows 09/29/16 12:53:17 Page 2
pscopf_run_knitro
Include File Summary


   SEQ   GLOBAL TYPE      PARENT   LOCAL  FILENAME

     1        1 INPUT          0       0  C:\Users\holz501\Documents\projects\ar
                                          pa-e competition\pscopf\pscopf_run_kni
                                          tro.gms
     2       13 CALL           1      13  cp "pscopf_data.gms" pscopf_data_temp.
                                          gms
     3       15 CALL           1      15  gams pscopf_prepare_data.gms --ingms=p
                                          scopf_data_temp.gms gdx=pscopf_data.gd
                                          x
     4       17 CALL           1      17  gams pscopf.gms --ingdx=pscopf_data.gd
                                          x nlp=knitro


COMPILATION TIME     =        1.497 SECONDS      2 MB  24.7.3 r58181 WEX-WEI


EXECUTION TIME       =        0.000 SECONDS      2 MB  24.7.3 r58181 WEX-WEI


USER: Small MUD - 5 User License                     G160411:0805CO-WIN
      Pacific Northwest National Laboratory                     DC12422


**** FILE SUMMARY

Input      C:\Users\holz501\Documents\projects\arpa-e competition\pscopf\pscopf_
           run_knitro.gms
Output     C:\Users\holz501\Documents\projects\arpa-e competition\pscopf\pscopf_
           run_knitro.lst
